components/admin/GeoZoneManager.tsx(4,41): error TS2307: Cannot find module '../../common/CascadingLocationSelect' or its corresponding type declarations.
components/admin/GeoZoneManager.tsx(5,35): error TS2307: Cannot find module '../../../hooks/useLocationSearch' or its corresponding type declarations.
components/admin/GeoZoneManager.tsx(6,38): error TS2307: Cannot find module './LocationAutocomplete' or its corresponding type declarations.
components/admin/GeoZoneManager.tsx(7,41): error TS2307: Cannot find module '../../../utils/locationUtils' or its corresponding type declarations.
components/admin/GeoZoneManager.tsx(8,38): error TS2307: Cannot find module '../../../utils/currencyUtils' or its corresponding type declarations.
components/admin/GeoZoneManager.tsx(9,41): error TS2307: Cannot find module '../../AdminSearchableDropdown' or its corresponding type declarations.
hooks/useDynamicPricing.ts(16,5): error TS2339: Property 'quantity' does not exist on type '{}'.
hooks/useDynamicPricing.ts(17,5): error TS2339: Property 'selectedDynamicAttributes' does not exist on type '{}'.
hooks/useDynamicPricing.ts(18,5): error TS2339: Property 'pincode' does not exist on type '{}'.
hooks/useDynamicPricing.ts(19,5): error TS2339: Property 'userPreferredCurrency' does not exist on type '{}'.
hooks/useDynamicPricing.ts(20,5): error TS2339: Property 'skip' does not exist on type '{}'.
hooks/useDynamicPricing.ts(89,5): error TS2554: Expected 1 arguments, but got 0.
hooks/useDynamicPricing.ts(114,5): error TS2339: Property 'quantity' does not exist on type '{}'.
hooks/useDynamicPricing.ts(115,5): error TS2339: Property 'pincode' does not exist on type '{}'.
hooks/useDynamicPricing.ts(116,5): error TS2339: Property 'skip' does not exist on type '{}'.
pages/Profile.tsx(1496,37): error TS2345: Argument of type '{ firstName: string; lastName: string; email: string; mobileNumber: string; countryCode: string; }' is not assignable to parameter of type 'SetStateAction<{ firstName: string; lastName: string; email: string; mobileNumber: string; phoneNumber: string; countryCode: string; }>'.
  Property 'phoneNumber' is missing in type '{ firstName: string; lastName: string; email: string; mobileNumber: string; countryCode: string; }' but required in type '{ firstName: string; lastName: string; email: string; mobileNumber: string; phoneNumber: string; countryCode: string; }'.
